// Jest Snapshot v1, https://goo.gl/fbAQLP

exports[`Details matches snapshot 1`] = `
<RCTSafeAreaView
  emulateUnlessSupported={true}
  style={
    Object {
      "alignItems": "center",
      "backgroundColor": "white",
      "flex": 1,
      "justifyContent": "center",
      "padding": 10,
    }
  }
  testID="details"
>
  <ActivityIndicator
    animating={true}
    color="red"
    hidesWhenStopped={true}
    size={20}
  />
</RCTSafeAreaView>
`;
